// Jest Snapshot v1, https://goo.gl/fbAQLP

exports[`Head component renders Head correctly 1`] = `<DocumentFragment />`;
