// Jest Snapshot v1, https://goo.gl/fbAQLP

exports[`MenuMobile component renders MenuMobile correctly 1`] = `
<DocumentFragment>
  <div
    class="style__MenuMobileContainer-sc-1d9cvo5-0 dWlKSS"
  >
    <div
      class="style__LinkWrapper-sc-1d9cvo5-1 biJFEi"
    >
      <span
        style="transform: translateX(-150px);"
      >
        <a
          href="/about"
        >
          About
        </a>
      </span>
      <span
        style="transform: translateX(-150px);"
      >
        <a
          href="/blog"
        >
          Blog
        </a>
      </span>
      <span
        style="transform: translateX(-150px);"
      >
        <a
          href="/projects"
        >
          Projects
        </a>
      </span>
      <span
        style="transform: translateX(-150px);"
      >
        <a
          href="/contact"
        >
          Contact
        </a>
      </span>
      <span
        style="transform: translateX(-150px);"
      >
        <a
          href="/ama"
        >
          AMA
        </a>
      </span>
    </div>
    <div
      class="style__IconContainer-sc-1kqqcq8-0 fgJKFR"
    >
      <span
        aria-label="dark mode"
        class="style__AnimatedSpan-sc-1kqqcq8-1 dMwwia"
        role="button"
        style="transform: rotate(90deg);"
        tabindex="0"
      >
        <svg
          class="sun"
          height="480pt"
          viewBox="0 0 480 480"
          width="480pt"
          xmlns="http://www.w3.org/2000/svg"
        >
          <path
            d="m368 240c0 70.691406-57.308594 128-128 128s-128-57.308594-128-128 57.308594-128 128-128 128 57.308594 128 128zm0 0"
          />
          <path
            d="m248 472v-64c0-4.417969-3.582031-8-8-8s-8 3.582031-8 8v64c0 4.417969 3.582031 8 8 8s8-3.582031 8-8zm0 0"
          />
          <path
            d="m240 80c4.417969 0 8-3.582031 8-8v-64c0-4.417969-3.582031-8-8-8s-8 3.582031-8 8v64c0 4.417969 3.582031 8 8 8zm0 0"
          />
          <path
            d="m114.34375 125.65625c3.140625 3.03125 8.128906 2.988281 11.214844-.097656 3.085937-3.085938 3.128906-8.074219.097656-11.214844l-48-48c-3.140625-3.03125-8.128906-2.988281-11.214844.097656-3.085937 3.085938-3.128906 8.074219-.097656 11.214844zm0 0"
          />
          <path
            d="m365.65625 354.34375c-3.140625-3.03125-8.128906-2.988281-11.214844.097656-3.085937 3.085938-3.128906 8.074219-.097656 11.214844l48 48c3.140625 3.03125 8.128906 2.988281 11.214844-.097656 3.085937-3.085938 3.128906-8.074219.097656-11.214844zm0 0"
          />
          <path
            d="m360 128c2.121094 0 4.15625-.84375 5.65625-2.34375l48-48c3.03125-3.140625 2.988281-8.128906-.097656-11.214844-3.085938-3.085937-8.074219-3.128906-11.214844-.097656l-48 48c-2.285156 2.289062-2.972656 5.730469-1.734375 8.71875s4.15625 4.9375 7.390625 4.9375zm0 0"
          />
          <path
            d="m472 232h-64c-4.417969 0-8 3.582031-8 8s3.582031 8 8 8h64c4.417969 0 8-3.582031 8-8s-3.582031-8-8-8zm0 0"
          />
          <path
            d="m8 248h64c4.417969 0 8-3.582031 8-8s-3.582031-8-8-8h-64c-4.417969 0-8 3.582031-8 8s3.582031 8 8 8zm0 0"
          />
          <path
            d="m77.65625 413.65625 48-48c3.03125-3.140625 2.988281-8.128906-.097656-11.214844-3.085938-3.085937-8.074219-3.128906-11.214844-.097656l-48 48c-2.078125 2.007812-2.914062 4.984375-2.179688 7.78125.730469 2.796875 2.914063 4.980469 5.710938 5.710938 2.796875.734374 5.773438-.101563 7.78125-2.179688zm0 0"
          />
        </svg>
      </span>
    </div>
  </div>
  <div
    class="style__HamburgerWrapper-sc-1d9cvo5-2 ekkuZo"
  >
    <svg
      height="35"
      viewBox="10 10 70 70"
      width="35"
    >
      <title>
        Hamburger Menu
      </title>
      <path
        class="line top"
        d="m 30,33 h 40 c 13.100415,0 14.380204,31.80258 6.899646,33.421777 -24.612039,5.327373 9.016154,-52.337577 -12.75751,-30.563913 l -28.284272,28.284272"
      />
      <path
        class="line middle"
        d="m 70,50 c 0,0 -32.213436,0 -40,0 -7.786564,0 -6.428571,-4.640244 -6.428571,-8.571429 0,-5.895471 6.073743,-11.783399 12.286435,-5.570707 6.212692,6.212692 28.284272,28.284272 28.284272,28.284272"
      />
      <path
        class="line bottom"
        d="m 69.575405,67.073826 h -40 c -13.100415,0 -14.380204,-31.80258 -6.899646,-33.421777 24.612039,-5.327373 -9.016154,52.337577 12.75751,30.563913 l 28.284272,-28.284272"
      />
    </svg>
  </div>
</DocumentFragment>
`;
