// Jest Snapshot v1, https://goo.gl/fbAQLP

exports[`Logo styles renders LogoContainer correctly 1`] = `
.c0 {
  display: -webkit-box;
  display: -webkit-flex;
  display: -ms-flexbox;
  display: flex;
  -webkit-align-items: center;
  -webkit-box-align: center;
  -ms-flex-align: center;
  align-items: center;
  -webkit-box-pack: center;
  -webkit-justify-content: center;
  -ms-flex-pack: center;
  justify-content: center;
  justify-self: flex-start;
  z-index: 20;
}

.c0 svg {
  width: auto;
  height: 1.5em;
  display: block;
}

<div
  class="c0"
/>
`;
