// Jest Snapshot v1, https://goo.gl/fbAQLP

exports[`Theme styles renders GlobalStyle correctly 1`] = `null`;

exports[`Theme styles renders Theme correctly 1`] = `
@media (max-width:480px) {

}

<div>
  render div
</div>
`;
