// Jest Snapshot v1, https://goo.gl/fbAQLP

exports[`Dark mode icon styles renders AnimatedSpan correctly 1`] = `
.c0 {
  display: inherit;
}

.c0 svg {
  width: auto;
  height: 1.5em;
  cursor: pointer;
  fill: #232946;
}

.dark-mode .c0 svg {
  fill: #fffffe;
}

<span
  class="c0"
/>
`;

exports[`Dark mode icon styles renders IconContainer correctly 1`] = `
.c0 {
  display: -webkit-box;
  display: -webkit-flex;
  display: -ms-flexbox;
  display: flex;
  -webkit-align-items: center;
  -webkit-box-align: center;
  -ms-flex-align: center;
  align-items: center;
  justify-self: flex-end;
  -webkit-box-pack: center;
  -webkit-justify-content: center;
  -ms-flex-pack: center;
  justify-content: center;
  min-width: 93.563px;
}

@media (max-width:768px) {
  .c0 {
    display: none;
    min-width: unset;
    -webkit-flex: 0 1 20%;
    -ms-flex: 0 1 20%;
    flex: 0 1 20%;
    margin-left: 35px;
  }
}

<div
  class="c0"
/>
`;
